zeros loaded: 10849, last gamma = 10599.136171
168*pi = 527.787566,  mp.dps = 25

building cumulative int theta table ...
evaluating A(t) at 353767 points ...
done.

============================================================================================
SANITY 1: which counting convention reproduces pi^-1 arg zeta(1/2+it)?
  one-sided:  S = N(t) - theta/pi - 1   with N = #{0 < gamma <= t}
  two-sided:  S = 2N(t) - theta/pi - 1
--------------------------------------------------------------------------------------------
          t     one-sided S     two-sided S   pi^-1 arg zeta   verdict
    12.3000   -0.2329008179   -0.2329008179    -0.2329008179   one-sided matches
    20.7000   -0.5087112918   +0.4912887082    -0.5087112918   one-sided matches
    50.4000   +0.4447884275  +10.4447884275    +0.4447884275   one-sided matches
   100.3000   -0.1346097658  +28.8653902342    -0.1346097658   one-sided matches
   530.1000   +0.3048741761 +291.3048741761    +0.3048741761   one-sided matches
  1000.7000   -0.1811082485 +648.8188917515    -0.1811082485   one-sided matches
  2500.2500   -0.0467732362 +1984.9532267638    -0.0467732362   one-sided matches
  5000.5000   +0.1372982244 +4521.1372982244    +0.1372982244   one-sided matches
  9999.9000   -0.8480118718 +10141.1519881282    -0.8480118718   one-sided matches
  one-sided mismatches: 0   (expected 0)

============================================================================================
SANITY 2: A(t) = int_0^t S  vs  direct quadrature of S on a few windows
--------------------------------------------------------------------------------------------
  [600.00, 601.00]  closed form -0.102340451754   quadrature -0.102340451754   diff 1.18e-19
  [1000.00, 1005.00]  closed form +0.132636112048   quadrature +0.132636112048   diff 3.09e-19
  [3000.00, 3002.50]  closed form +0.082650277249   quadrature +0.082650277249   diff 1.90e-19

============================================================================================
TASK GRID -- bound = 2.067 + 0.059*log(t2)   (Trudgian 2011 Thm 2.2)
theorem hypothesis: t1 > 168*pi = 527.78757
--------------------------------------------------------------------------------------------
     t1     h       t2          int S      bound  |intS|/bound  status
     10     1       11      -0.063258   2.208476      0.028643  holds anyway  [t1 < 168pi: OUTSIDE HYPOTHESIS]
     10     5       15      -0.474000   2.226775      0.212864  holds anyway  [t1 < 168pi: OUTSIDE HYPOTHESIS]
     10    20       30      -0.448485   2.267671      0.197773  holds anyway  [t1 < 168pi: OUTSIDE HYPOTHESIS]
     10   100      110      +0.101269   2.344328      0.043197  holds anyway  [t1 < 168pi: OUTSIDE HYPOTHESIS]
     10   500      510      -0.249681   2.434830      0.102545  holds anyway  [t1 < 168pi: OUTSIDE HYPOTHESIS]
     50     1       51      +0.411504   2.298978      0.178994  holds anyway  [t1 < 168pi: OUTSIDE HYPOTHESIS]
     50     5       55      +0.724035   2.303433      0.314329  holds anyway  [t1 < 168pi: OUTSIDE HYPOTHESIS]
     50    20       70      +0.309335   2.317661      0.133469  holds anyway  [t1 < 168pi: OUTSIDE HYPOTHESIS]
     50   100      150      -0.083355   2.362627      0.035280  holds anyway  [t1 < 168pi: OUTSIDE HYPOTHESIS]
     50   500      550      +0.368411   2.439285      0.151032  holds anyway  [t1 < 168pi: OUTSIDE HYPOTHESIS]
    100     1      101      -0.222888   2.339292      0.095280  holds anyway  [t1 < 168pi: OUTSIDE HYPOTHESIS]
    100     5      105      -0.593536   2.341584      0.253476  holds anyway  [t1 < 168pi: OUTSIDE HYPOTHESIS]
    100    20      120      -0.057947   2.349462      0.024664  holds anyway  [t1 < 168pi: OUTSIDE HYPOTHESIS]
    100   100      200      +0.275114   2.379601      0.115613  holds anyway  [t1 < 168pi: OUTSIDE HYPOTHESIS]
    100   500      600      -0.045307   2.444419      0.018535  holds anyway  [t1 < 168pi: OUTSIDE HYPOTHESIS]
    500     1      501      -0.244158   2.433780      0.100321  holds anyway  [t1 < 168pi: OUTSIDE HYPOTHESIS]
    500     5      505      -0.337074   2.434249      0.138472  holds anyway  [t1 < 168pi: OUTSIDE HYPOTHESIS]
    500    20      520      -0.217781   2.435976      0.089402  holds anyway  [t1 < 168pi: OUTSIDE HYPOTHESIS]
    500   100      600      +0.149957   2.444419      0.061347  holds anyway  [t1 < 168pi: OUTSIDE HYPOTHESIS]
    500   500     1000      -0.157852   2.474558      0.063790  holds anyway  [t1 < 168pi: OUTSIDE HYPOTHESIS]
   1000     1     1001      -0.019717   2.474617      0.007968  holds
   1000     5     1005      +0.132636   2.474852      0.053594  holds
   1000    20     1020      -0.336957   2.475726      0.136104  holds
   1000   100     1100      -0.140734   2.480181      0.056743  holds
   1000   500     1500      -0.328359   2.498480      0.131424  holds
   5000     1     5001      +0.068599   2.569526      0.026697  holds
   5000     5     5005      +0.757967   2.569573      0.294978  holds
   5000    20     5020      +0.361317   2.569750      0.140604  holds
   5000   100     5100      -0.007987   2.570683      0.003107  holds
   5000   500     5500      +0.174122   2.575138      0.067617  holds
  10000     1    10001      -0.187405   2.610416      0.071791  holds
  10000     5    10005      -0.115402   2.610440      0.044208  holds
  10000    20    10020      +0.080619   2.610528      0.030882  holds
  10000   100    10100      +0.523700   2.610997      0.200575  holds
  10000   500    10500      +0.049244   2.613289      0.018844  holds
--------------------------------------------------------------------------------------------
>>> WORST in-hypothesis case on this grid: ratio = 0.294978  at t1=5000 h=5  (int S = +0.757967, bound = 2.569573)

============================================================================================
ADVERSARIAL SCAN over t1 in (168pi, 10500), many widths
--------------------------------------------------------------------------------------------
  windows examined: 328157

triple (a, b)                       max |intS|/bound         t1        h       int S     bound  status
Trudgian 2011 Thm 2.2                       0.531928  5978.1393    50.00   +1.372666  2.580547  SURVIVES
Turing 1953 (per Trudgian 2.1)              0.432293  1329.2050    21.00   +1.293692  2.992626  SURVIVES
Lehman 1970 (per Trudgian 2.1)              0.513021  1329.2050    21.00   +1.293692  2.521713  SURVIVES
Trudgian sec 2.3, c=5/4 d=1                 0.570622  5978.1393    50.00   +1.372666  2.405563  SURVIVES

  tightness: max |int S| over all scanned windows = 1.372666 (t1=5978.13931, h=50.000)
  tightness: smallest `a` compatible with b = 0.059 on this data = 0.868419
             (t1=1329.20502, h=21.000);  printed a = 2.067

RESULT: ALL CITED TRIPLES SURVIVED THE SCAN

============================================================================================
REPO CONVENTION: zetaMultCount counts |Im rho| <= t, i.e. TWO-SIDED,
so the repo-side error term is 2S and the usable bound is 2*(a+b log t2).
--------------------------------------------------------------------------------------------
  worst scanned window t1=5978.13931, h=50.000:
    one-sided  int S     = +1.372666   bound 2.580547
    two-sided  int (2S)  = +2.745332   bound 5.161095
  (the ratio is scale invariant, so the factor 2 changes nothing)

